// Jest Snapshot v1, https://goo.gl/fbAQLP

exports[`should render expense list items with expenses 1`] = `
<div>
  <h3>
    <Link
      replace={false}
      to="/edit/1"
    >
      Turntable
    </Link>
  </h3>
  <p>
    Amount :
    14500
     - Created :
    0
  </p>
</div>
`;
