// Jest Snapshot v1, https://goo.gl/fbAQLP

exports[`should render ExpenseList with expenses 1`] = `
<div>
  <ExpenseListItem
    amount={14500}
    createdAt={0}
    description="Turntable"
    id={1}
    key="1"
    note=""
  />
  <ExpenseListItem
    amount={299}
    createdAt={-345600000}
    description="Sandwich"
    id={2}
    key="2"
    note=""
  />
  <ExpenseListItem
    amount={12200}
    createdAt={345600000}
    description="Insurance"
    id={3}
    key="3"
    note=""
  />
</div>
`;

exports[`should render expense list with empty message 1`] = `
<div>
  <p>
    No expenses
  </p>
</div>
`;
